flutter : Package open_file:macos references open_file_macos:macos as the default plugin, but 
the package does not exist, or is not a plugin package.
At line:1 char:1
+ flutter build apk --release > build_output.txt 2>&1 ; Get-Content bui ...
+ ~~~~~~~~~~~~~~~~~~~~~~~~~~~~~~~~~~~~~~~~~~~~~~~~~~~
    + CategoryInfo          : NotSpecified: (Package open_fi...plugin package.:String) [], Remot 
   eException
    + FullyQualifiedErrorId : NativeCommandError
 
Ask the maintainers of open_file to either avoid referencing a default implementation via 
`platforms: macos: default_package: open_file_macos` or create a plugin named open_file_macos.

Package open_file:macos references open_file_macos:macos as the default plugin, but the package 
does not exist, or is not a plugin package.
Ask the maintainers of open_file to either avoid referencing a default implementation via 
`platforms: macos: default_package: open_file_macos` or create a plugin named open_file_macos.

Package open_file:macos references open_file_macos:macos as the default plugin, but the package 
does not exist, or is not a plugin package.
Ask the maintainers of open_file to either avoid referencing a default implementation via 
`platforms: macos: default_package: open_file_macos` or create a plugin named open_file_macos.

Package open_file:macos references open_file_macos:macos as the default plugin, but the package 
does not exist, or is not a plugin package.
Ask the maintainers of open_file to either avoid referencing a default implementation via 
`platforms: macos: default_package: open_file_macos` or create a plugin named open_file_macos.

Running Gradle task 'assembleRelease'...                        

FAILURE: Build failed with an exception.

* What went wrong:
Execution failed for task ':flutter_bluetooth_serial:verifyReleaseResources'.
> A failure occurred while executing 
com.android.build.gradle.tasks.VerifyLibraryResourcesTask$Action
   > Android resource linking failed
     ERROR: C:\Users\cloud2\vsprojects\LactoSureCONNECT-main\build\flutter_bluetooth_serial\inter
mediates\merged_res\release\mergeReleaseResources\values\values.xml:2541: AAPT: error: resource 
android:attr/lStar not found.


* Try:
> Run with --stacktrace option to get the stack trace.
> Run with --info or --debug option to get more log output.
> Run with --scan to get full insights.
> Get more help at https://help.gradle.org.

BUILD FAILED in 2m 33s
Running Gradle task 'assembleRelease'...                          155.0s
Gradle task assembleRelease failed with exit code 1
